// Jest Snapshot v1, https://goo.gl/fbAQLP

exports[`Test for Rocket should render 1`] = `
<div
  className="container"
>
  <div
    className="img-container"
  >
    <img
      alt="rocket"
      className="img"
    />
  </div>
  <div
    className="info-container"
  >
    <h1>
      Rocket
    </h1>
    <div>
      <span />
    </div>
    <div>
      <button
        className="reserve-btn"
        onClick={[Function]}
        type="button"
      >
        Reserve Rocket
      </button>
    </div>
  </div>
</div>
`;
